// Jest Snapshot v1, https://goo.gl/fbAQLP

exports[`Pruebas en Component GifItem Debe de hacer match con el snapshot 1`] = `
<div>
  <div
    class="card"
  >
    <img
      alt="Ttitulo prueba"
      src="http://localhost/url-prueba"
    />
    <p>
      Ttitulo prueba
    </p>
  </div>
</div>
`;
